// Jest Snapshot v1, https://goo.gl/fbAQLP

exports[`PhotosContainer renders correctly 1`] = `ShallowWrapper {}`;
