// Jest Snapshot v1, https://goo.gl/fbAQLP

exports[`Photo renders correctly 1`] = `ShallowWrapper {}`;
